HI-TECH Software 8051-C Compiler V9.60

Linker command line:

--edf=C:\PROGRA~2\HI-TEC~1\HC51\lite\9.60\dat\en_msgs.txt -h+Z:\123321.sym \
  -z -Q8051AH -ol.obj -MZ:\123321.map -E1 -ver=8051-C#V9.60 \
  -ACODE=00h-0FFFh -pvectors=00h \
  -prbit=0/20h,rbss,rdata/CODE,irdata/CODE,idata/rbss -pbss=XDATA/idata \
  -pdata=CODE+100h -pconst=CODE+100h -pstrings=CODE+100h -pnvram=bss,heap \
  C:\Users\starkow\AppData\Local\Temp\sp3c.obj Z:\main_0.obj \
  C:\PROGRA~2\HI-TEC~1\HC51\lite\9.60\lib\51--nsc.lib 

Object code version is 3.8

Machine type is 8051AH

Call graph:

*start1 size 0,0 offset 0
*    _main size 0,9 offset 0
*        _msec size 0,2 offset 9

		Name          Link     Load   Length Selector Space Scale
C:\Users\starkow\AppData\Local\Temp\sp3c.obj
		vectors          0        0        3       0     0
		text            9D       9D       14       0     0
Z:\main_0.obj   text             3        3       9A       0     0

C:\PROGRA~2\HI-TEC~1\HC51\lite\9.60\lib\51--nsc.lib
powerup.obj     text            B1       B1        3       0     0

COMMON          rbss            20       20        B      20     1

TOTAL		Name          Link     Load   Length
	CLASS	CODE     
		vectors          0        0        3
		text            9D       9D       14
		text             3        3       9A
		text            B1       B1        3

	CLASS	DATA     
		rbss            20       20        B

	CLASS	XDATA    

	CLASS	BITSEG   



SEGMENTS	Name		Load	Length	 Top	Selector    Space Class

		vectors         000000	0000B4	0000B4	       0       0  CODE    
		rbit            000020	00000B	00002B	      20       1  BITSEG  


UNUSED ADDRESS RANGES

	CODE             0B4-FFF

                                  Symbol Table

?a_main        rbss    020  ?a_msec        rbss    029
__Bbss         bss     02B  __Bidata       idata   02B
__Birdata      irdata  003  __Brbit        rbit    020
__Brdata       rdata   003  __Hbss         bss     02B
__Hcode        code    02B  __Hconst       const   100
__Hdata        data    100  __Hheap        heap    02B
__Hidata       idata   02B  __Hirdata      irdata  02B
__Hnvram       nvram   02B  __Hrbit        rbit    000
__Hrbss        rbss    02B  __Hrdata       rdata   02B
__Hstrings     strings 100  __Htext        text    02B
__Hvectors     vectors 003  __Lbss         bss     02B
__Lcode        code    02B  __Lconst       const   100
__Ldata        data    100  __Lheap        heap    02B
__Lidata       idata   02B  __Lirdata      irdata  02B
__Lnvram       nvram   02B  __Lrbit        rbit    000
__Lrbss        rbss    020  __Lrdata       rdata   02B
__Lstrings     strings 100  __Ltext        text    02B
__Lvectors     vectors 000  __S0           (abs)   100
_exit          text    0AE  _main          text    033
_msec          text    003  intlevel0      (abs)   000
intlevel1      (abs)   000  powerup        text    0B1
small_model    (abs)   001  stack_internal (abs)   001
start          vectors 000  start1         text    09D
