

HI-TECH Software 8051 Macro Assembler V9.60                                Page 1
                                                       Fri May 23 10:27:27 2025

     1                           	psect	idata,class=DATA,space=1,limit=080h
     2                           	psect	irdata,class=DATA,limit=080h
     3                           	global	_main
     4                           	signat	_main,88
     5                           	global	stack_internal
     6                           	psect	text,class=CODE
     7                           	psect	text
     8                           	file	"G:\SEMEST~2\÷”»Ã\œ–¿ “» »\Õ≈ÃŒ≈\π5\laba\l
                                 ababa\main.c"
     9                           	line	3
    10  0012D                     _main:
    11  0012D  02 03CA            	j	f1411
    12  00130                     f1410:
    13                           ;main.c: 3: void main() {
    14                           
    15                           ;	var   _i assigned to ?a_main+0
    16                           	psect	data,class=CODE
    17                           	psect	data
    18  00100                     F158:
    19  00100  41                 	db	(65)
    20  00101  42                 	db	(66)
    21  00102  43                 	db	(67)
    22  00103  44                 	db	(68)
    23  00104  45                 	db	(69)
    24  00105  46                 	db	(70)
    25  00106  47                 	db	(71)
    26  00107  48                 	db	(72)
    27  00108  49                 	db	(73)
    28  00109  4A                 	db	(74)
    29  0010A  4B                 	db	(75)
    30  0010B  4C                 	db	(76)
    31  0010C  4D                 	db	(77)
    32  0010D  4E                 	db	(78)
    33  0010E  20                 	db	(32)
    34                           ;	var   _keys assigned to ?a_main+2
    35                           ;main.c: 4: int i;
    36                           
    37                           ;main.c: 5: char keys[3][5] = {
    38                           
    39                           ;main.c: 6: {'A', 'B', 'C', 'D', 'E'},
    40                           
    41                           ;main.c: 7: {'F', 'G', 'H', 'I', 'J'},
    42                           
    43                           ;main.c: 8: {'K', 'L', 'M', 'N', ' '}
    44                           
    45                           ;main.c: 9: };
    46                           
    47                           	psect	text
    48                           	line	9
    49  00130  78 01              	mov	r0,#high (F158)
    50  00132  79 00              	mov	r1,#low (F158)
    51  00134  7A 00              	mov	r2,#high (?a_main+2)
    52  00136  7B 22              	mov	r3,#low (?a_main+2)
    53  00138  7D 0F              	mov	r5,#low 15
    54  0013A  7C 00              	mov	r4,#high 15
    55                           	global	str_copy
    56  0013C  12 0019            	lcall	str_copy
    57                           	psect	data
    58  0010F                     F163:
    59  0010F  0001               	dw	(1)
    60  00111  0001               	dw	(1)
    61  00113  0001               	dw	(1)
    62  00115  0001               	dw	(1)
    63  00117  0001               	dw	(1)
    64  00119  0001               	dw	(1)
    65  0011B  0001               	dw	(1)
    66  0011D  0001               	dw	(1)
    67  0011F  0001               	dw	(1)
    68  00121  0001               	dw	(1)
    69  00123  0001               	dw	(1)
    70  00125  0001               	dw	(1)
    71  00127  0001               	dw	(1)
    72  00129  0001               	dw	(1)
    73  0012B  0001               	dw	(1)
    74                           ;	var   _state assigned to ?a_main+17
    75                           ;main.c: 10: int state[3][5] = {
    76                           
    77                           ;main.c: 11: {1, 1, 1, 1, 1},
    78                           
    79                           ;main.c: 12: {1, 1, 1, 1, 1},
    80                           
    81                           ;main.c: 13: {1, 1, 1, 1, 1}
    82                           
    83                           ;main.c: 14: };
    84                           
    85                           	psect	text
    86                           	line	14
    87  0013F  78 01              	mov	r0,#high (F163)
    88  00141  79 0F              	mov	r1,#low (F163)
    89  00143  7A 00              	mov	r2,#high (?a_main+17)
    90  00145  7B 31              	mov	r3,#low (?a_main+17)
    91  00147  7D 1E              	mov	r5,#low 30
    92  00149  7C 00              	mov	r4,#high 30
    93                           	global	str_copy
    94  0014B  12 0019            	lcall	str_copy
    95                           ;main.c: 16: P0 = 0x38;
    96                           
    97                           	line	16
    98  0014E  75 80 38           	mov	080h,#56
    99                           ;main.c: 17: P2 = 0x1;
   100                           
   101                           	line	17
   102  00151  75 A0 01           	mov	0A0h,#1
   103                           ;main.c: 18: P2 = 0x0;
   104                           
   105                           	line	18
   106  00154  75 A0 00           	mov	0A0h,#0
   107                           ;main.c: 20: P0 = 0x80;
   108                           
   109                           	line	20
   110  00157  75 80 80           	mov	080h,#128
   111                           ;main.c: 21: P2 = 0x1;
   112                           
   113                           	line	21
   114  0015A  75 A0 01           	mov	0A0h,#1
   115                           ;main.c: 22: P2 = 0x0;
   116                           
   117                           	line	22
   118  0015D  75 A0 00           	mov	0A0h,#0
   119                           ;main.c: 23: P3 = 0x0;
   120                           
   121                           	line	23
   122  00160  75 B0 00           	mov	0B0h,#0
   123                           ;main.c: 25: while(1) {
   124                           
   125                           	line	25
   126  00163                     l6:
   127                           ;main.c: 26: P10 = 0;
   128                           
   129                           	line	26
   130  00163  C2 90              	clr	p1.0
   131                           ;main.c: 27: if (P13==0) state[0][4]=0;
   132                           
   133                           	line	27
   134  00165  20 93 02           	bb	p1.3, u11
   135  00168  80 02              	jmp	u10
   136  0016A                     u11:
   137  0016A  80 07              	jmp	l8
   138  0016C                     u10:
   139  0016C  E4                 	clr	a
   140  0016D  F5 39              	mov	0+?a_main+17+08h,a
   141  0016F  F5 3A              	mov	1+?a_main+17+08h,a
   142  00171  80 1A              	jmp	l9
   143                           	line	28
   144  00173                     l8:
   145                           ;main.c: 28: else if (state[0][4]==0) {
   146                           
   147  00173  E5 3A              	mov	a,1+?a_main+17+08h
   148  00175  45 39              	orl	a,0+?a_main+17+08h
   149  00177  70 02              	bnz	u21
   150  00179  80 02              	jmp	u20
   151  0017B                     u21:
   152  0017B  80 10              	jmp	l10
   153  0017D                     u20:
   154                           ;main.c: 29: P0=keys[0][4];
   155                           
   156                           	line	29
   157  0017D  79 26              	mov	r1,#?a_main+2+04h
   158  0017F  87 80              	mov	080h,@r1
   159                           ;main.c: 30: P2=0x3;
   160                           
   161                           	line	30
   162  00181  75 A0 03           	mov	0A0h,#3
   163                           ;main.c: 31: P2=0x2;
   164                           
   165                           	line	31
   166  00184  75 A0 02           	mov	0A0h,#2
   167                           ;main.c: 32: state[0][4]=1;
   168                           
   169                           	line	32
   170  00187  75 39  00          	mov	0+?a_main+17+08h,#high(1)
   171  0018A  75 3A  01          	mov	1+?a_main+17+08h,#low(1)
   172                           	line	33
   173  0018D                     l10:
   174                           	line	34
   175  0018D                     l9:
   176                           ;main.c: 33: }
   177                           
   178                           ;main.c: 34: if (P14==0) state[0][3]=0;
   179                           
   180  0018D  20 94 02           	bb	p1.4, u31
   181  00190  80 02              	jmp	u30
   182  00192                     u31:
   183  00192  80 07              	jmp	l11
   184  00194                     u30:
   185  00194  E4                 	clr	a
   186  00195  F5 37              	mov	0+?a_main+17+06h,a
   187  00197  F5 38              	mov	1+?a_main+17+06h,a
   188  00199  80 1A              	jmp	l12
   189                           	line	35
   190  0019B                     l11:
   191                           ;main.c: 35: else if (state[0][3]==0) {
   192                           
   193  0019B  E5 38              	mov	a,1+?a_main+17+06h
   194  0019D  45 37              	orl	a,0+?a_main+17+06h
   195  0019F  70 02              	bnz	u41
   196  001A1  80 02              	jmp	u40
   197  001A3                     u41:
   198  001A3  80 10              	jmp	l13
   199  001A5                     u40:
   200                           ;main.c: 36: P0=keys[0][3];
   201                           
   202                           	line	36
   203  001A5  79 25              	mov	r1,#?a_main+2+03h
   204  001A7  87 80              	mov	080h,@r1
   205                           ;main.c: 37: P2=0x3;
   206                           
   207                           	line	37
   208  001A9  75 A0 03           	mov	0A0h,#3
   209                           ;main.c: 38: P2=0x2;
   210                           
   211                           	line	38
   212  001AC  75 A0 02           	mov	0A0h,#2
   213                           ;main.c: 39: state[0][3]=1;
   214                           
   215                           	line	39
   216  001AF  75 37  00          	mov	0+?a_main+17+06h,#high(1)
   217  001B2  75 38  01          	mov	1+?a_main+17+06h,#low(1)
   218                           	line	40
   219  001B5                     l13:
   220                           	line	41
   221  001B5                     l12:
   222                           ;main.c: 40: }
   223                           
   224                           ;main.c: 41: if (P15==0) state[0][2]=0;
   225                           
   226  001B5  20 95 02           	bb	p1.5, u51
   227  001B8  80 02              	jmp	u50
   228  001BA                     u51:
   229  001BA  80 07              	jmp	l14
   230  001BC                     u50:
   231  001BC  E4                 	clr	a
   232  001BD  F5 35              	mov	0+?a_main+17+04h,a
   233  001BF  F5 36              	mov	1+?a_main+17+04h,a
   234  001C1  80 1A              	jmp	l15
   235                           	line	42
   236  001C3                     l14:
   237                           ;main.c: 42: else if (state[0][2]==0) {
   238                           
   239  001C3  E5 36              	mov	a,1+?a_main+17+04h
   240  001C5  45 35              	orl	a,0+?a_main+17+04h
   241  001C7  70 02              	bnz	u61
   242  001C9  80 02              	jmp	u60
   243  001CB                     u61:
   244  001CB  80 10              	jmp	l16
   245  001CD                     u60:
   246                           ;main.c: 43: P0=keys[0][2];
   247                           
   248                           	line	43
   249  001CD  79 24              	mov	r1,#?a_main+2+02h
   250  001CF  87 80              	mov	080h,@r1
   251                           ;main.c: 44: P2=0x3;
   252                           
   253                           	line	44
   254  001D1  75 A0 03           	mov	0A0h,#3
   255                           ;main.c: 45: P2=0x2;
   256                           
   257                           	line	45
   258  001D4  75 A0 02           	mov	0A0h,#2
   259                           ;main.c: 46: state[0][2]=1;
   260                           
   261                           	line	46
   262  001D7  75 35  00          	mov	0+?a_main+17+04h,#high(1)
   263  001DA  75 36  01          	mov	1+?a_main+17+04h,#low(1)
   264                           	line	47
   265  001DD                     l16:
   266                           	line	48
   267  001DD                     l15:
   268                           ;main.c: 47: }
   269                           
   270                           ;main.c: 48: if (P16==0) state[0][1]=0;
   271                           
   272  001DD  20 96 02           	bb	p1.6, u71
   273  001E0  80 02              	jmp	u70
   274  001E2                     u71:
   275  001E2  80 07              	jmp	l17
   276  001E4                     u70:
   277  001E4  E4                 	clr	a
   278  001E5  F5 33              	mov	0+?a_main+17+02h,a
   279  001E7  F5 34              	mov	1+?a_main+17+02h,a
   280  001E9  80 1A              	jmp	l18
   281                           	line	49
   282  001EB                     l17:
   283                           ;main.c: 49: else if (state[0][1]==0) {
   284                           
   285  001EB  E5 34              	mov	a,1+?a_main+17+02h
   286  001ED  45 33              	orl	a,0+?a_main+17+02h
   287  001EF  70 02              	bnz	u81
   288  001F1  80 02              	jmp	u80
   289  001F3                     u81:
   290  001F3  80 10              	jmp	l19
   291  001F5                     u80:
   292                           ;main.c: 50: P0=keys[0][1];
   293                           
   294                           	line	50
   295  001F5  79 23              	mov	r1,#?a_main+2+01h
   296  001F7  87 80              	mov	080h,@r1
   297                           ;main.c: 51: P2=0x3;
   298                           
   299                           	line	51
   300  001F9  75 A0 03           	mov	0A0h,#3
   301                           ;main.c: 52: P2=0x2;
   302                           
   303                           	line	52
   304  001FC  75 A0 02           	mov	0A0h,#2
   305                           ;main.c: 53: state[0][1]=1;
   306                           
   307                           	line	53
   308  001FF  75 33  00          	mov	0+?a_main+17+02h,#high(1)
   309  00202  75 34  01          	mov	1+?a_main+17+02h,#low(1)
   310                           	line	54
   311  00205                     l19:
   312                           	line	55
   313  00205                     l18:
   314                           ;main.c: 54: }
   315                           
   316                           ;main.c: 55: if (P17==0) state[0][0]=0;
   317                           
   318  00205  20 97 02           	bb	p1.7, u91
   319  00208  80 02              	jmp	u90
   320  0020A                     u91:
   321  0020A  80 07              	jmp	l20
   322  0020C                     u90:
   323  0020C  E4                 	clr	a
   324  0020D  F5 31              	mov	0+?a_main+17,a
   325  0020F  F5 32              	mov	1+?a_main+17,a
   326  00211  80 1A              	jmp	l21
   327                           	line	56
   328  00213                     l20:
   329                           ;main.c: 56: else if (state[0][0]==0) {
   330                           
   331  00213  E5 32              	mov	a,1+?a_main+17
   332  00215  45 31              	orl	a,0+?a_main+17
   333  00217  70 02              	bnz	u101
   334  00219  80 02              	jmp	u100
   335  0021B                     u101:
   336  0021B  80 10              	jmp	l22
   337  0021D                     u100:
   338                           ;main.c: 57: P0=keys[0][0];
   339                           
   340                           	line	57
   341  0021D  79 22              	mov	r1,#?a_main+2
   342  0021F  87 80              	mov	080h,@r1
   343                           ;main.c: 58: P2=0x3;
   344                           
   345                           	line	58
   346  00221  75 A0 03           	mov	0A0h,#3
   347                           ;main.c: 59: P2=0x2;
   348                           
   349                           	line	59
   350  00224  75 A0 02           	mov	0A0h,#2
   351                           ;main.c: 60: state[0][0]=1;
   352                           
   353                           	line	60
   354  00227  75 31  00          	mov	0+?a_main+17,#high(1)
   355  0022A  75 32  01          	mov	1+?a_main+17,#low(1)
   356                           	line	61
   357  0022D                     l22:
   358                           	line	62
   359  0022D                     l21:
   360                           ;main.c: 61: }
   361                           
   362                           ;main.c: 62: P10 = 1;
   363                           
   364  0022D  D2 90              	setb	p1.0
   365                           ;main.c: 64: P11 = 0;
   366                           
   367                           	line	64
   368  0022F  C2 91              	clr	p1.1
   369                           ;main.c: 65: if (P13==0) state[1][4]=0;
   370                           
   371                           	line	65
   372  00231  20 93 02           	bb	p1.3, u111
   373  00234  80 02              	jmp	u110
   374  00236                     u111:
   375  00236  80 07              	jmp	l23
   376  00238                     u110:
   377  00238  E4                 	clr	a
   378  00239  F5 43              	mov	0+?a_main+17+012h,a
   379  0023B  F5 44              	mov	1+?a_main+17+012h,a
   380  0023D  80 1A              	jmp	l24
   381                           	line	66
   382  0023F                     l23:
   383                           ;main.c: 66: else if (state[1][4]==0) {
   384                           
   385  0023F  E5 44              	mov	a,1+?a_main+17+012h
   386  00241  45 43              	orl	a,0+?a_main+17+012h
   387  00243  70 02              	bnz	u121
   388  00245  80 02              	jmp	u120
   389  00247                     u121:
   390  00247  80 10              	jmp	l25
   391  00249                     u120:
   392                           ;main.c: 67: P0=keys[1][4];
   393                           
   394                           	line	67
   395  00249  79 2B              	mov	r1,#?a_main+2+09h
   396  0024B  87 80              	mov	080h,@r1
   397                           ;main.c: 68: P2=0x3;
   398                           
   399                           	line	68
   400  0024D  75 A0 03           	mov	0A0h,#3
   401                           ;main.c: 69: P2=0x2;
   402                           
   403                           	line	69
   404  00250  75 A0 02           	mov	0A0h,#2
   405                           ;main.c: 70: state[1][4]=1;
   406                           
   407                           	line	70
   408  00253  75 43  00          	mov	0+?a_main+17+012h,#high(1)
   409  00256  75 44  01          	mov	1+?a_main+17+012h,#low(1)
   410                           	line	71
   411  00259                     l25:
   412                           	line	72
   413  00259                     l24:
   414                           ;main.c: 71: }
   415                           
   416                           ;main.c: 72: if (P14==0) state[1][3]=0;
   417                           
   418  00259  20 94 02           	bb	p1.4, u131
   419  0025C  80 02              	jmp	u130
   420  0025E                     u131:
   421  0025E  80 07              	jmp	l26
   422  00260                     u130:
   423  00260  E4                 	clr	a
   424  00261  F5 41              	mov	0+?a_main+17+010h,a
   425  00263  F5 42              	mov	1+?a_main+17+010h,a
   426  00265  80 1A              	jmp	l27
   427                           	line	73
   428  00267                     l26:
   429                           ;main.c: 73: else if (state[1][3]==0) {
   430                           
   431  00267  E5 42              	mov	a,1+?a_main+17+010h
   432  00269  45 41              	orl	a,0+?a_main+17+010h
   433  0026B  70 02              	bnz	u141
   434  0026D  80 02              	jmp	u140
   435  0026F                     u141:
   436  0026F  80 10              	jmp	l28
   437  00271                     u140:
   438                           ;main.c: 74: P0=keys[1][3];
   439                           
   440                           	line	74
   441  00271  79 2A              	mov	r1,#?a_main+2+08h
   442  00273  87 80              	mov	080h,@r1
   443                           ;main.c: 75: P2=0x3;
   444                           
   445                           	line	75
   446  00275  75 A0 03           	mov	0A0h,#3
   447                           ;main.c: 76: P2=0x2;
   448                           
   449                           	line	76
   450  00278  75 A0 02           	mov	0A0h,#2
   451                           ;main.c: 77: state[1][3]=1;
   452                           
   453                           	line	77
   454  0027B  75 41  00          	mov	0+?a_main+17+010h,#high(1)
   455  0027E  75 42  01          	mov	1+?a_main+17+010h,#low(1)
   456                           	line	78
   457  00281                     l28:
   458                           	line	79
   459  00281                     l27:
   460                           ;main.c: 78: }
   461                           
   462                           ;main.c: 79: if (P15==0) state[1][2]=0;
   463                           
   464  00281  20 95 02           	bb	p1.5, u151
   465  00284  80 02              	jmp	u150
   466  00286                     u151:
   467  00286  80 07              	jmp	l29
   468  00288                     u150:
   469  00288  E4                 	clr	a
   470  00289  F5 3F              	mov	0+?a_main+17+0Eh,a
   471  0028B  F5 40              	mov	1+?a_main+17+0Eh,a
   472  0028D  80 1A              	jmp	l30
   473                           	line	80
   474  0028F                     l29:
   475                           ;main.c: 80: else if (state[1][2]==0) {
   476                           
   477  0028F  E5 40              	mov	a,1+?a_main+17+0Eh
   478  00291  45 3F              	orl	a,0+?a_main+17+0Eh
   479  00293  70 02              	bnz	u161
   480  00295  80 02              	jmp	u160
   481  00297                     u161:
   482  00297  80 10              	jmp	l31
   483  00299                     u160:
   484                           ;main.c: 81: P0=keys[1][2];
   485                           
   486                           	line	81
   487  00299  79 29              	mov	r1,#?a_main+2+07h
   488  0029B  87 80              	mov	080h,@r1
   489                           ;main.c: 82: P2=0x3;
   490                           
   491                           	line	82
   492  0029D  75 A0 03           	mov	0A0h,#3
   493                           ;main.c: 83: P2=0x2;
   494                           
   495                           	line	83
   496  002A0  75 A0 02           	mov	0A0h,#2
   497                           ;main.c: 84: state[1][2]=1;
   498                           
   499                           	line	84
   500  002A3  75 3F  00          	mov	0+?a_main+17+0Eh,#high(1)
   501  002A6  75 40  01          	mov	1+?a_main+17+0Eh,#low(1)
   502                           	line	85
   503  002A9                     l31:
   504                           	line	86
   505  002A9                     l30:
   506                           ;main.c: 85: }
   507                           
   508                           ;main.c: 86: if (P16==0) state[1][1]=0;
   509                           
   510  002A9  20 96 02           	bb	p1.6, u171
   511  002AC  80 02              	jmp	u170
   512  002AE                     u171:
   513  002AE  80 07              	jmp	l32
   514  002B0                     u170:
   515  002B0  E4                 	clr	a
   516  002B1  F5 3D              	mov	0+?a_main+17+0Ch,a
   517  002B3  F5 3E              	mov	1+?a_main+17+0Ch,a
   518  002B5  80 1A              	jmp	l33
   519                           	line	87
   520  002B7                     l32:
   521                           ;main.c: 87: else if (state[1][1]==0) {
   522                           
   523  002B7  E5 3E              	mov	a,1+?a_main+17+0Ch
   524  002B9  45 3D              	orl	a,0+?a_main+17+0Ch
   525  002BB  70 02              	bnz	u181
   526  002BD  80 02              	jmp	u180
   527  002BF                     u181:
   528  002BF  80 10              	jmp	l34
   529  002C1                     u180:
   530                           ;main.c: 88: P0=keys[1][1];
   531                           
   532                           	line	88
   533  002C1  79 28              	mov	r1,#?a_main+2+06h
   534  002C3  87 80              	mov	080h,@r1
   535                           ;main.c: 89: P2=0x3;
   536                           
   537                           	line	89
   538  002C5  75 A0 03           	mov	0A0h,#3
   539                           ;main.c: 90: P2=0x2;
   540                           
   541                           	line	90
   542  002C8  75 A0 02           	mov	0A0h,#2
   543                           ;main.c: 91: state[1][1]=1;
   544                           
   545                           	line	91
   546  002CB  75 3D  00          	mov	0+?a_main+17+0Ch,#high(1)
   547  002CE  75 3E  01          	mov	1+?a_main+17+0Ch,#low(1)
   548                           	line	92
   549  002D1                     l34:
   550                           	line	93
   551  002D1                     l33:
   552                           ;main.c: 92: }
   553                           
   554                           ;main.c: 93: if (P17==0) state[1][0]=0;
   555                           
   556  002D1  20 97 02           	bb	p1.7, u191
   557  002D4  80 02              	jmp	u190
   558  002D6                     u191:
   559  002D6  80 07              	jmp	l35
   560  002D8                     u190:
   561  002D8  E4                 	clr	a
   562  002D9  F5 3B              	mov	0+?a_main+17+0Ah,a
   563  002DB  F5 3C              	mov	1+?a_main+17+0Ah,a
   564  002DD  80 1A              	jmp	l36
   565                           	line	94
   566  002DF                     l35:
   567                           ;main.c: 94: else if (state[1][0]==0) {
   568                           
   569  002DF  E5 3C              	mov	a,1+?a_main+17+0Ah
   570  002E1  45 3B              	orl	a,0+?a_main+17+0Ah
   571  002E3  70 02              	bnz	u201
   572  002E5  80 02              	jmp	u200
   573  002E7                     u201:
   574  002E7  80 10              	jmp	l37
   575  002E9                     u200:
   576                           ;main.c: 95: P0=keys[1][0];
   577                           
   578                           	line	95
   579  002E9  79 27              	mov	r1,#?a_main+2+05h
   580  002EB  87 80              	mov	080h,@r1
   581                           ;main.c: 96: P2=0x3;
   582                           
   583                           	line	96
   584  002ED  75 A0 03           	mov	0A0h,#3
   585                           ;main.c: 97: P2=0x2;
   586                           
   587                           	line	97
   588  002F0  75 A0 02           	mov	0A0h,#2
   589                           ;main.c: 98: state[1][0]=1;
   590                           
   591                           	line	98
   592  002F3  75 3B  00          	mov	0+?a_main+17+0Ah,#high(1)
   593  002F6  75 3C  01          	mov	1+?a_main+17+0Ah,#low(1)
   594                           	line	99
   595  002F9                     l37:
   596                           	line	100
   597  002F9                     l36:
   598                           ;main.c: 99: }
   599                           
   600                           ;main.c: 100: P11 = 1;
   601                           
   602  002F9  D2 91              	setb	p1.1
   603                           ;main.c: 102: P12 = 0;
   604                           
   605                           	line	102
   606  002FB  C2 92              	clr	p1.2
   607                           ;main.c: 103: if (P13==0) state[2][4]=0;
   608                           
   609                           	line	103
   610  002FD  20 93 02           	bb	p1.3, u211
   611  00300  80 02              	jmp	u210
   612  00302                     u211:
   613  00302  80 07              	jmp	l38
   614+ 00304                     u210:
   615+ 00304  E4                 	clr	a
   616  00305  F5 4D              	mov	0+?a_main+17+01Ch,a
   617  00307  F5 4E              	mov	1+?a_main+17+01Ch,a
   618  00309  80 19              	jmp	l39
   619                           	line	104
   620  0030B                     l38:
   621                           ;main.c: 104: else if (state[2][4]==0) {
   622                           
   623  0030B  E5 4E              	mov	a,1+?a_main+17+01Ch
   624  0030D  45 4D              	orl	a,0+?a_main+17+01Ch
   625  0030F  70 02              	bnz	u221
   626  00311  80 02              	jmp	u220
   627  00313                     u221:
   628  00313  80 0F              	jmp	l40
   629  00315                     u220:
   630                           ;main.c: 105: P0=0x01;
   631                           
   632                           	line	105
   633  00315  75 80 01           	mov	080h,#1
   634                           ;main.c: 106: P2=0x1;
   635                           
   636                           	line	106
   637  00318  75 A0 01           	mov	0A0h,#1
   638                           ;main.c: 107: P2=0x0;
   639                           
   640                           	line	107
   641  0031B  75 A0 00           	mov	0A0h,#0
   642                           ;main.c: 108: state[2][4]=1;
   643                           
   644                           	line	108
   645  0031E  75 4D  00          	mov	0+?a_main+17+01Ch,#high(1)
   646  00321  75 4E  01          	mov	1+?a_main+17+01Ch,#low(1)
   647                           	line	109
   648  00324                     l40:
   649                           	line	110
   650  00324                     l39:
   651                           ;main.c: 109: }
   652                           
   653                           ;main.c: 110: if (P14==0) state[2][3]=0;
   654                           
   655  00324  20 94 02           	bb	p1.4, u231
   656  00327  80 02              	jmp	u230
   657  00329                     u231:
   658  00329  80 07              	jmp	l41
   659  0032B                     u230:
   660  0032B  E4                 	clr	a
   661  0032C  F5 4B              	mov	0+?a_main+17+01Ah,a
   662  0032E  F5 4C              	mov	1+?a_main+17+01Ah,a
   663  00330  80 1A              	jmp	l42
   664                           	line	111
   665  00332                     l41:
   666                           ;main.c: 111: else if (state[2][3]==0) {
   667                           
   668  00332  E5 4C              	mov	a,1+?a_main+17+01Ah
   669  00334  45 4B              	orl	a,0+?a_main+17+01Ah
   670  00336  70 02              	bnz	u241
   671  00338  80 02              	jmp	u240
   672  0033A                     u241:
   673  0033A  80 10              	jmp	l43
   674  0033C                     u240:
   675                           ;main.c: 112: P0=keys[2][3];
   676                           
   677                           	line	112
   678  0033C  79 2F              	mov	r1,#?a_main+2+0Dh
   679  0033E  87 80              	mov	080h,@r1
   680                           ;main.c: 113: P2=0x3;
   681                           
   682                           	line	113
   683  00340  75 A0 03           	mov	0A0h,#3
   684                           ;main.c: 114: P2=0x2;
   685                           
   686                           	line	114
   687  00343  75 A0 02           	mov	0A0h,#2
   688                           ;main.c: 115: state[2][3]=1;
   689                           
   690                           	line	115
   691  00346  75 4B  00          	mov	0+?a_main+17+01Ah,#high(1)
   692  00349  75 4C  01          	mov	1+?a_main+17+01Ah,#low(1)
   693                           	line	116
   694  0034C                     l43:
   695                           	line	117
   696  0034C                     l42:
   697                           ;main.c: 116: }
   698                           
   699                           ;main.c: 117: if (P15==0) state[2][2]=0;
   700                           
   701  0034C  20 95 02           	bb	p1.5, u251
   702  0034F  80 02              	jmp	u250
   703  00351                     u251:
   704  00351  80 07              	jmp	l44
   705  00353                     u250:
   706  00353  E4                 	clr	a
   707  00354  F5 49              	mov	0+?a_main+17+018h,a
   708  00356  F5 4A              	mov	1+?a_main+17+018h,a
   709  00358  80 1A              	jmp	l45
   710                           	line	118
   711  0035A                     l44:
   712                           ;main.c: 118: else if (state[2][2]==0) {
   713                           
   714  0035A  E5 4A              	mov	a,1+?a_main+17+018h
   715  0035C  45 49              	orl	a,0+?a_main+17+018h
   716  0035E  70 02              	bnz	u261
   717  00360  80 02              	jmp	u260
   718  00362                     u261:
   719  00362  80 10              	jmp	l46
   720  00364                     u260:
   721                           ;main.c: 119: P0=keys[2][2];
   722                           
   723                           	line	119
   724  00364  79 2E              	mov	r1,#?a_main+2+0Ch
   725  00366  87 80              	mov	080h,@r1
   726                           ;main.c: 120: P2=0x3;
   727                           
   728                           	line	120
   729  00368  75 A0 03           	mov	0A0h,#3
   730                           ;main.c: 121: P2=0x2;
   731                           
   732                           	line	121
   733  0036B  75 A0 02           	mov	0A0h,#2
   734                           ;main.c: 122: state[2][2]=1;
   735                           
   736                           	line	122
   737  0036E  75 49  00          	mov	0+?a_main+17+018h,#high(1)
   738  00371  75 4A  01          	mov	1+?a_main+17+018h,#low(1)
   739                           	line	123
   740  00374                     l46:
   741                           	line	124
   742  00374                     l45:
   743                           ;main.c: 123: }
   744                           
   745                           ;main.c: 124: if (P16==0) state[2][1]=0;
   746                           
   747  00374  20 96 02           	bb	p1.6, u271
   748  00377  80 02              	jmp	u270
   749  00379                     u271:
   750  00379  80 07              	jmp	l47
   751  0037B                     u270:
   752  0037B  E4                 	clr	a
   753  0037C  F5 47              	mov	0+?a_main+17+016h,a
   754  0037E  F5 48              	mov	1+?a_main+17+016h,a
   755  00380  80 1A              	jmp	l48
   756                           	line	125
   757  00382                     l47:
   758                           ;main.c: 125: else if (state[2][1]==0) {
   759                           
   760  00382  E5 48              	mov	a,1+?a_main+17+016h
   761  00384  45 47              	orl	a,0+?a_main+17+016h
   762  00386  70 02              	bnz	u281
   763  00388  80 02              	jmp	u280
   764  0038A                     u281:
   765  0038A  80 10              	jmp	l49
   766  0038C                     u280:
   767                           ;main.c: 126: P0=keys[2][1];
   768                           
   769                           	line	126
   770  0038C  79 2D              	mov	r1,#?a_main+2+0Bh
   771  0038E  87 80              	mov	080h,@r1
   772                           ;main.c: 127: P2=0x3;
   773                           
   774                           	line	127
   775  00390  75 A0 03           	mov	0A0h,#3
   776                           ;main.c: 128: P2=0x2;
   777                           
   778                           	line	128
   779  00393  75 A0 02           	mov	0A0h,#2
   780                           ;main.c: 129: state[2][1]=1;
   781                           
   782                           	line	129
   783  00396  75 47  00          	mov	0+?a_main+17+016h,#high(1)
   784  00399  75 48  01          	mov	1+?a_main+17+016h,#low(1)
   785                           	line	130
   786  0039C                     l49:
   787                           	line	131
   788  0039C                     l48:
   789                           ;main.c: 130: }
   790                           
   791                           ;main.c: 131: if (P17==0) state[2][0]=0;
   792                           
   793  0039C  20 97 02           	bb	p1.7, u291
   794  0039F  80 02              	jmp	u290
   795  003A1                     u291:
   796  003A1  80 07              	jmp	l50
   797  003A3                     u290:
   798  003A3  E4                 	clr	a
   799  003A4  F5 45              	mov	0+?a_main+17+014h,a
   800  003A6  F5 46              	mov	1+?a_main+17+014h,a
   801  003A8  80 1A              	jmp	l51
   802                           	line	132
   803  003AA                     l50:
   804                           ;main.c: 132: else if (state[2][0]==0) {
   805                           
   806  003AA  E5 46              	mov	a,1+?a_main+17+014h
   807  003AC  45 45              	orl	a,0+?a_main+17+014h
   808  003AE  70 02              	bnz	u301
   809  003B0  80 02              	jmp	u300
   810  003B2                     u301:
   811  003B2  80 10              	jmp	l52
   812  003B4                     u300:
   813                           ;main.c: 133: P0=keys[2][0];
   814                           
   815                           	line	133
   816  003B4  79 2C              	mov	r1,#?a_main+2+0Ah
   817  003B6  87 80              	mov	080h,@r1
   818                           ;main.c: 134: P2=0x3;
   819                           
   820                           	line	134
   821  003B8  75 A0 03           	mov	0A0h,#3
   822                           ;main.c: 135: P2=0x2;
   823                           
   824                           	line	135
   825  003BB  75 A0 02           	mov	0A0h,#2
   826                           ;main.c: 136: state[2][0]=1;
   827                           
   828                           	line	136
   829  003BE  75 45  00          	mov	0+?a_main+17+014h,#high(1)
   830  003C1  75 46  01          	mov	1+?a_main+17+014h,#low(1)
   831                           	line	137
   832  003C4                     l52:
   833                           	line	138
   834  003C4                     l51:
   835                           ;main.c: 137: }
   836                           
   837                           ;main.c: 138: P12 = 1;
   838                           
   839  003C4  D2 92              	setb	p1.2
   840                           	line	139
   841  003C6                     l5:
   842                           	line	25
   843  003C6  02 0163            	jmp	l6
   844  003C9                     l7:
   845                           ;main.c: 139: }
   846                           
   847                           ;main.c: 140: }
   848                           
   849                           	line	140
   850  003C9                     l4:
   851  003C9  22                 	ret
   852  003CA                     f1411:
   853  003CA  02 0130            	j	f1410
   854                           	FNSIZE	_main,47,0
   855                           	global	?a_main
   856  0000                     f1412	equ	0
   857  0000                     _A10	equ	162
   858  0000                     _A11	equ	163
   859  0000                     _A12	equ	164
   860  0000                     _A13	equ	165
   861  0000                     _A14	equ	166
   862  0000                     _A15	equ	167
   863  0000                     _A8	equ	160
   864  0000                     _A9	equ	161
   865  0000                     _AC	equ	214
   866  0000                     _ACC0	equ	224
   867  0000                     _ACC1	equ	225
   868  0000                     _ACC2	equ	226
   869  0000                     _ACC3	equ	227
   870  0000                     _ACC4	equ	228
   871  0000                     _ACC5	equ	229
   872  0000                     _ACC6	equ	230
   873  0000                     _ACC7	equ	231
   874  0000                     _AD0	equ	128
   875  0000                     _AD1	equ	129
   876  0000                     _AD2	equ	130
   877  0000                     _AD3	equ	131
   878  0000                     _AD4	equ	132
   879  0000                     _AD5	equ	133
   880  0000                     _AD6	equ	134
   881  0000                     _AD7	equ	135
   882  0000                     _B0	equ	240
   883  0000                     _B1	equ	241
   884  0000                     _B2	equ	242
   885  0000                     _B3	equ	243
   886  0000                     _B4	equ	244
   887  0000                     _B5	equ	245
   888  0000                     _B6	equ	246
   889  0000                     _B7	equ	247
   890  0000                     _CY	equ	215
   891  0000                     _EA	equ	175
   892  0000                     _ES	equ	172
   893  0000                     _ET0	equ	169
   894  0000                     _ET1	equ	171
   895  0000                     _EX0	equ	168
   896  0000                     _EX1	equ	170
   897  0000                     _F0	equ	213
   898  0000                     _IE0	equ	137
   899  0000                     _IE1	equ	139
   900  0000                     _INT0	equ	178
   901  0000                     _INT1	equ	179
   902  0000                     _IT0	equ	136
   903  0000                     _IT1	equ	138
   904  0000                     _OV	equ	210
   905  0000                     _P	equ	208
   906  0000                     _P00	equ	128
   907  0000                     _P01	equ	129
   908  0000                     _P02	equ	130
   909  0000                     _P03	equ	131
   910  0000                     _P04	equ	132
   911  0000                     _P05	equ	133
   912  0000                     _P06	equ	134
   913  0000                     _P07	equ	135
   914  0000                     _P10	equ	144
   915  0000                     _P11	equ	145
   916  0000                     _P12	equ	146
   917  0000                     _P13	equ	147
   918  0000                     _P14	equ	148
   919  0000                     _P15	equ	149
   920  0000                     _P16	equ	150
   921  0000                     _P17	equ	151
   922  0000                     _P20	equ	160
   923  0000                     _P21	equ	161
   924  0000                     _P22	equ	162
   925  0000                     _P23	equ	163
   926  0000                     _P24	equ	164
   927  0000                     _P25	equ	165
   928  0000                     _P26	equ	166
   929  0000                     _P27	equ	167
   930  0000                     _P30	equ	176
   931  0000                     _P31	equ	177
   932  0000                     _P32	equ	178
   933  0000                     _P33	equ	179
   934  0000                     _P34	equ	180
   935  0000                     _P35	equ	181
   936  0000                     _P36	equ	182
   937  0000                     _P37	equ	183
   938  0000                     _PS	equ	188
   939  0000                     _PT0	equ	185
   940  0000                     _PT1	equ	187
   941  0000                     _PX0	equ	184
   942  0000                     _PX1	equ	186
   943  0000                     _RB8	equ	154
   944  0000                     _RD	equ	183
   945  0000                     _REN	equ	156
   946  0000                     _RI	equ	152
   947  0000                     _RS0	equ	211
   948  0000                     _RS1	equ	212
   949  0000                     _RXD	equ	176
   950  0000                     _SM0	equ	159
   951  0000                     _SM1	equ	158
   952+ 0000                     _SM2	equ	157
   953  0000                     _T0	equ	180
   954  0000                     _T1	equ	181
   955  0000                     _TB8	equ	155
   956  0000                     _TF0	equ	141
   957  0000                     _TF1	equ	143
   958  0000                     _TI	equ	153
   959  0000                     _TR0	equ	140
   960  0000                     _TR1	equ	142
   961  0000                     _TXD	equ	177
   962  0000                     _WR	equ	182
   963  0000                     _ACC	equ	224
   964  0000                     _B	equ	240
   965  0000                     _DPH	equ	131
   966  0000                     _DPL	equ	130
   967  0000                     _IE	equ	168
   968  0000                     _IP	equ	184
   969  0000                     _P0	equ	128
   970  0000                     _P1	equ	144
   971  0000                     _P2	equ	160
   972  0000                     _P3	equ	176
   973  0000                     _PCON	equ	135
   974  0000                     _PSW	equ	208
   975  0000                     _SBUF	equ	153
   976  0000                     _SCON	equ	152
   977  0000                     _SP	equ	129
   978  0000                     _TCON	equ	136
   979  0000                     _TH0	equ	140
   980  0000                     _TH1	equ	141
   981  0000                     _TL0	equ	138
   982  0000                     _TL1	equ	139
   983  0000                     _TMOD	equ	137
   984  0000                     _ACC_BITS	equ	224
   985  0000                     _B_BITS	equ	240
   986  0000                     _IE_BITS	equ	168
   987  0000                     _IP_BITS	equ	184
   988  0000                     _P0_BITS	equ	128
   989  0000                     _P1_BITS	equ	144
   990  0000                     _P2_BITS	equ	160
   991  0000                     _P3_BITS	equ	176
   992  0000                     _PCON_BITS	equ	135
   993  0000                     _PSW_BITS	equ	208
   994  0000                     _SCON_BITS	equ	152
   995  0000                     _TCON_BITS	equ	136
   996  0000                     _TMOD_BITS	equ	137


HI-TECH Software 8051 Macro Assembler V9.60                                Page 2
Symbol Table                                           Fri May 23 10:27:27 2025

       ?a_main 00020              _B 000F0              l4 003C9  
            l5 003C6              _P 000D0              l6 00163  
            l7 003C9              l8 00173              l9 0018D  
           _B0 000F0             _B1 000F1             _B2 000F2  
           _B3 000F3             _B4 000F4             _B5 000F5  
           _B6 000F6             _A8 000A0             _B7 000F7  
           _A9 000A1             _F0 000D5             _AC 000D6  
           l10 0018D             l11 0019B             l20 00213  
           l12 001B5             l21 0022D             l13 001B5  
           l30 002A9             l22 0022D             l14 001C3  
           _EA 000AF             l31 002A9             l23 0023F  
           l15 001DD             l40 00324             l32 002B7  
           l24 00259             l16 001DD             l41 00332  
           l33 002D1             l25 00259             l17 001EB  
           l50 003AA             l42 0034C             l34 002D1  
           l26 00267             l18 00205             l51 003C4  
           l43 0034C             l35 002DF             l27 00281  
           l19 00205             _P0 00080             l52 003C4  
           l44 0035A             l36 002F9             l28 00281  
           _P1 00090             l45 00374             l37 002F9  
           l29 0028F             _P2 000A0             l46 00374  
           l38 0030B             _P3 000B0             l47 00382  
           l39 00324             l48 0039C             l49 0039C  
           _IE 000A8             _T0 000B4             _T1 000B5  
           _ES 000AC             _CY 000D7             _IP 000B8  
           _RD 000B7             u10 0016C             u11 0016A  
           u20 0017D             _RI 00098             u21 0017B  
           u30 00194             u31 00192             u40 001A5  
           _TI 00099             u41 001A3             u50 001BC  
           _PS 000BC             u51 001BA             _OV 000D2  
           u60 001CD             u61 001CB             _SP 00081  
           u70 001E4             u71 001E2             u80 001F5  
           u81 001F3             u90 0020C             u91 0020A  
           _WR 000B6         _B_BITS 000F0            F163 0010F  
          F158 00100            _A10 000A2            _A11 000A3  
          _A12 000A4            _A13 000A5            _A14 000A6  
          _A15 000A7            _AD0 00080            _AD1 00081  
          _AD2 00082            _AD3 00083            _AD4 00084  
          _AD5 00085            _AD6 00086            _AD7 00087  
          _ACC 000E0            _P00 00080            _P01 00081  
          _P10 00090            _P02 00082            _P11 00091  
          _P03 00083            _P20 000A0            _P12 00092  
          _P04 00084            _P21 000A1            _P13 00093  
          _P05 00085            _P30 000B0            _P22 000A2  
          _P14 00094            _P06 00086            _P31 000B1  
          _P23 000A3            _P15 00095            _P07 00087  
          _P32 000B2            _P24 000A4            _P16 00096  
          _P33 000B3            _P25 000A5            _P17 00097  
          _P34 000B4            _P26 000A6            _P35 000B5  
          _P27 000A7            _P36 000B6            _P37 000B7  
          _IE0 00089            _IE1 0008B            _ET0 000A9  
          _ET1 000AB            _EX0 000A8            _EX1 000AA  
          _DPH 00083            _DPL 00082            _IT0 00088  
          _IT1 0008A            _RB8 0009A            u100 0021D  
          u101 0021B            u110 00238            u111 00236  
          u200 002E9            u120 00249            u201 002E7  
          u121 00247            u210 00304            u130 00260  
          u211 00302            u131 0025E            _TF0 0008D  
          _TB8 0009B            u300 003B4            u220 00315  
          u140 00271            _TF1 0008F            u301 003B2  
          u221 00313            u141 0026F            u230 0032B  
          u150 00288            u231 00329            u151 00286  
          _TH0 0008C            u240 0033C            u160 00299  
          _TH1 0008D            u241 0033A            u161 00297  
          u250 00353            u170 002B0            u251 00351  
          u171 002AE            u260 00364            u180 002C1  
          u261 00362            u181 002BF            _SM0 0009F  
          u270 0037B            u190 002D8            _SM1 0009E  
          u271 00379            u191 002D6            _TL0 0008A  
          _SM2 0009D            _PT0 000B9            u280 0038C  
          _TL1 0008B            _PT1 000BB            u281 0038A  
          u290 003A3            u291 003A1            _RS0 000D3  
          _RS1 000D4            _REN 0009C            _PX0 000B8  
          _PX1 000BA            _TR0 0008C            _TR1 0008E  
          _RXD 000B0            _PSW 000D0            _TXD 000B1  
      _P0_BITS 00080        _P1_BITS 00090        _P2_BITS 000A0  
      _P3_BITS 000B0        _IE_BITS 000A8       _ACC_BITS 000E0  
      _IP_BITS 000B8           f1410 00130           f1411 003CA  
         f1412 00000           _ACC0 000E0           _ACC1 000E1  
         _ACC2 000E2           _ACC3 000E3           _ACC4 000E4  
         _ACC5 000E5           _ACC6 000E6           _ACC7 000E7  
stack_internal 00001           _INT0 000B2           _INT1 000B3  
         _PCON 00087           _SCON 00098           _SBUF 00099  
         _TCON 00088           _TMOD 00089           _main 0012D  
     _PSW_BITS 000D0      _PCON_BITS 00087      _SCON_BITS 00098  
    _TCON_BITS 00088        str_copy 00019      _TMOD_BITS 00089  
